// Jest Snapshot v1, https://goo.gl/fbAQLP

exports[`ProductFace 1`] = `
<span
  style={
    Object {
      "fontSize": 12,
    }
  }
>
  ¯_(ツ)_/¯
</span>
`;
