// Jest Snapshot v1, https://goo.gl/fbAQLP

exports[`ProductSize 1`] = `
<span>
  Size: 
  12
</span>
`;
