// Jest Snapshot v1, https://goo.gl/fbAQLP

exports[`ProductPrice 1`] = `
<p>
  $
  123.00
</p>
`;
