// Jest Snapshot v1, https://goo.gl/fbAQLP

exports[`ProductGridItem 1`] = `
<div>
  <p
    style={
      Object {
        "fontSize": 22,
      }
    }
  >
    ( .-. )
  </p>
  <p>
    Size: 
    22
  </p>
  <p>
    $
    27.00
  </p>
  <p>
    Mon Oct 23 2017 11:23:20 GMT-0300 (-03)
  </p>
</div>
`;
