// Jest Snapshot v1, https://goo.gl/fbAQLP

exports[`ProductDate 1`] = `
<p>
  10/23/2017
</p>
`;
